<testsuites name="jest tests" tests="2" failures="1" time="1.721">
  <testsuite name="undefined" errors="0" failures="1" skipped="0" timestamp="2020-06-20T02:55:39" time="1.721" tests="2">
    <testcase classname=" App renders correctly" name=" App renders correctly" time="0.032">
    </testcase>
    <testcase classname=" Switching between slides works as expected" name=" Switching between slides works as expected" time="0.017">
      <failure>Error: expect(element).toBeEnabled()

Received element is not enabled:
  &lt;button data-testid=&quot;button-restart&quot; disabled=&quot;&quot; id=&quot;reset&quot; /&gt;
    at Object.&lt;anonymous&gt; (/Users/ok/Desktop/hackerrank/src/App.test.js:83:29)
    at Object.asyncFn (/Users/ok/Desktop/hackerrank/node_modules/jest-jasmine2/build/jasmine-async.js:68:30)
    at /Users/ok/Desktop/hackerrank/node_modules/jest-jasmine2/build/queueRunner.js:38:12
    at new Promise (&lt;anonymous&gt;)
    at mapper (/Users/ok/Desktop/hackerrank/node_modules/jest-jasmine2/build/queueRunner.js:31:21)
    at /Users/ok/Desktop/hackerrank/node_modules/p-map/index.js:46:16
    at processTicksAndRejections (internal/process/task_queues.js:93:5)</failure>
    </testcase>
  </testsuite>
</testsuites>